51667388
51667388
51667388
51659665
51659665
51659665
51666426
51666426
51666426
51666426
51655533
51655533
51641567
51641567
51627871
51627871
51627871
51627871
51631441
51623806
51623806
51637772
51626606
51626606
51626606
51626606
51592427
51592427
51592427
51592427
51608945
51608945
51600974
51600974
51570856
51571309
51571309
51571309
51571309
51571309
51571309
51573622
51574111
51574111
51574111
51574111
51574111
51574111
51574111
51574111
51573655
51573655
51562258
51561212
51525465
51525465
51525465
51525465
51525465
51525465
51525465
51445866
51445866
51445866
51445866
51445866
51445866
51445866
51445866
51445866
51428664
51428664
51428664
51428664
51428664
51428664
51428664
51428664
51428664
51428664
51428664
51428664
51422845
51422845
51422845
51422845
51422845
51422845
51422845
51422845
51422845
51422845
51422845
51422845
51422845
51422845
51422845
51422845
51422845
51422845
51422845
51422845
51422845
51428664
51428664
51428664
51428664
51428664
51428664
51428664
51428664
51428664
51428664
51428664
51428664
51428664
51416745
51416745
51416745
51416745
51416745
51416745
51416745
51386045
51354215
51354215
51354215
51354215
51327558
51327558
51327558
51327558
51386267
51386267
51375022
51375022
51375022
51375022
51375022
51375022
51375022
51375022
51375022
51362481
51362481
51362481
51362481
51340947
51340947
51340947
51433694
51493860
51493860
51532231
51532231
51532231
51532231
51534650
51547864
51547864
51535378
51535378
51535378
51535378
51535378
51572009
51572009
51572009
51572009
51572009
51559307
51559307
51559307
51559307
51559307
51559307
51559307
51559307
51623880
51674565
51674565
51709751
51709751
51670127
51670127
51670127
51670127
51676062
51683855
51683855
51683855
51683855
51703208
51721472
51721472
51721472
51721472
51706731
51706731
51706731
51756179
51784318
51784318
51797975
51797975
51797975
51878101
51878101
51878101
51878101
51931475
51959648
51939966
51885970
51949276
51949276
51949276
51949877
51949877
51997125
52017882
52017882
52017882
52017882
52017882
52017882
52017882
52017882
52017882
52017882
52017882
52017882
52017882
52024205
51959755
51959755
51959755
51959755
51959755
51959755
51959755
51911476
51918022
51918022
51918022
51918022
51918022
51994612
51994612
51994612
52006892
52006892
52006892
52006892
52006892
52006892
52006892
52000803
52000803
52000803
51999285
51999285
51999285
51999285
51982574
51982574
51982574
51982574
51982574
51982574
51982574
51982574
51979583
51971488
51971488
51971488
51971488
51971488
51971488
51971488
51971488
51971488
51971488
51971488
51956993
51956993
51956993
51908077
51908077
51908077
51908077
51913562
51916269
51916269
51916269
51916269
51916269
51926988
51926988
51945910
51945910
51945910
51945910
51945910
51928490
51928490
51900305
51888750
51888750
51888750
51888750
51879600
51879600
51879600
51879600
51865041
51865041
51865041
51865041
51865041
51865041
51873649
51873649
51873649
51873649
51873649
51873649
51873649
51873649
51873649
51873649
51869674
51906156
51906156
51906156
51894891
51894891
51894891
51894891
51894891
51894891
51894891
51894891
51894891
51894891
51894891
51809598
51890066
51890066
51890066
51890066
51911060
51911060
51925276
51910432
51910432
51910432
51907834
51856861
51856861
51856861
51856861
51856861
51863471
51863471
51955344
51955344
51955344
51933046
51933046
51884452
51884452
51884452
51884452
51919340
51919340
51919340
51919340
51919340
51919340
51919340
51919340
51919340
51919340
51919340
51919340
51847752
51860018
51922501
51922501
51922501
51922501
51922501
51922501
51922501
51922501
51922501
51922501
51922501
51922501
51922501
51890570
51890570
51890570
51890570
51890570
51890570
51890570
51890570
51890570
51890570
51890570
51893717
51893717
51893717
51893717
51893717
51884612
51884612
51884612
51884612
51884612
51884612
51884612
51915098
51915098
51915098
51915098
51915098
51915098
51915098
51915098
51915098
51915098
51915098
51915098
51911339
51869025
51869025
51869025
51869025
51869025
51812623
51833638
51833638
51833638
51833638
51833638
51833638
51833638
51833638
51845679
51845679
51845679
51845679
51859488
55143491
55143491
55143491
55143491
55143491
55143491
55143491
55143491
55143491
55143491
55143491
55143491
55143491
55143491
55143491
55143491
55143491
55143491
55143491
55143491
55143491
55135738
55135738
55135738
55135738
55135738
55135738
55146631
55146631
55146631
55146631
55146631
55146631
55146631
55146631
55146631
55146631
55146631
55146631
55146631
55144720
55144720
55144720
55116196
55114769
55114769
55114769
55040712
55092132
55092132
55092132
55092132
55085100
55085100
55085100
55085100
55085100
55085100
55085100
55085100
55085100
55085100
55119279
55119279
55119279
55119279
55119279
55119279
55119279
55124430
55124430
55155105
55143278
55143278
55139569
55139569
55139569
55139569
55152495
55152495
55152495
55152495
55152495
55152495
55152495
55152495
55152495
55152495
55152495
55152495
55154603
55154603
55154603
55154603
55154603
55154603
55112064
55112064
55112064
55112064
55112064
55112064
55112064
55112064
55112064
55030236
55030236
55030236
55030236
55035839
55035839
55040711
55035725
55035725
55035725
55035725
55035725
55035725
55035725
55035725
55035725
55035725
55035725
55035725
55035725
55035725
55035725
55035725
55033885
55106238
55173334
55173334
55173334
55173334
55173334
55173334
55173334
55180366
55180366
55197042
55281460
55285168
55285168
55275049
55294530
55294530
55294530
55294530
55294530
55294530
55294530
55294530
55328507
55328507
55328507
55304230
55304992
55304992
55298219
55298219
55298219
55298219
55298219
55298219
55298219
55298219
55298219
55298219
55298219
55298219
55298219
55298219
55274506
55274506
55274506
55274506
55274506
55274506
55274506
55274506
55274506
55274506
55274506
55274506
55274506
55274506
55274506
55274506
55274506
55251154
55251154
55251154
55251154
55251154
55251154
55251154
55316890
55316890
55316890
55327652
55327652
55350780
55306283
55306283
55318695
55318695
55318695
55328377
55328377
55328377
55328377
55365900
55365900
55365900
55365900
55365900
55365900
55365900
55365900
55372152
55372152
55372152
55372152
55372152
55372152
55372152
55372407
55372407
55372407
55372407
55372407
55372407
55372407
55372407
55372407
55372407
55372407
55372407
55372407
55372407
55372407
55372407
55372407
55372407
55372407
55372407
55372407
55372407
55372407
55372407
55372407
55372407
55372407
55372407
55374742
55440856
55440856
55449819
55449819
55449819
55449819
55449819
55449819
55449819
55449819
55449819
55459691
55459691
55425197
55425197
55425197
55408691
55408691
55408691
55415443
55415443
55415443
55411866
55411866
55411866
55411866
55411866
55411866
55411866
55432292
55459661
55459661
55459661
55483921
55483921
55483921
55483921
55483921
55569885
55563886
55563886
55563886
55563886
55563886
55563886
55563886
55563886
55563886
55563886
55563886
55563886
55563886
55577293
55577293
55583434
55583434
55604851
55687014
55687014
55687014
55687014
55687014
55683377
55683377
55734632
55748289
55748289
55748289
55748289
55748289
55748289
55748289
55736145
55736145
55736145
55736145
55705186
55709509
55709509
55709509
55730361
55730361
55730361
55730361
55730361
55730361
55730361
55727566
55727566
55727566
55727566
55727566
55727566
55727566
55727566
55727566
55727566
55727566
55727566
55727566
55727566
55727566
55727566
55727566
55727566
55727566
55727566
55727566
55727566
55727566
55727566
55752862
55752862
55752862
55752862
55752862
55752862
55752862
55765682
55765682
55765682
55765682
55765682
55676740
55676740
55672661
55672661
55672661
55694178
55694178
55694178
55694178
55694178
55694178
55694178
55694178
55694178
55692792
55692792
55692792
55692792
55692792
55734983
55720676
55720676
55720676
55720676
55720676
55720676
55720676
55720676
55660972
55660972
55660972
55660972
55660972
55660972
55660972
55660972
55662862
55662862
55662862
55662862
55716543
55716543
55716543
55716543
55716543
55716543
55716543
55716543
55716543
55716543
55697311
55697311
55697311
55697311
55697311
55697311
55697311
55697311
55697311
55697311
55697311
55697311
55724394
55724394
55724394
55736343
55736343
55736343
55736343
55736343
55736343
55736343
55736343
55736343
55736343
55736343
55736343
55736343
55736343
55736343
55736343
55810273
55851149
55796844
55789665
55789665
55789665
55823142
55823142
55823142
55823142
55823142
55823142
55823142
55823142
55823142
55823142
55907176
55907176
55907176
55930801
55915854
55915854
55915854
55915854
55915854
55915854
55915854
55915854
55915854
55915854
55947349
55947349
55947349
55947349
55947349
55947349
55947349
55947349
55947349
56029434
56092099
56092099
56022815
56022815
56022815
56022815
56013474
56013474
56013474
56007158
56007158
56007158
56007158
56007158
56007158
56030203
56026955
56026955
56038975
56017442
56017442
56059686
56059686
56059686
56059686
56059686
56059686
56059686
56059686
56059686
56004630
55927691
55927691
55927691
55927691
55927691
55927691
55936453
55936453
55943552
55943552
55943552
55943552
55943552
55943552
